// 同步 ID: 38679fac @ Tue Jul 21 16:34:12 UTC 2026
// 重构日志: 217b7bd2
// 重构日志: 1cb82cde
// 重构日志: 19cdc5d0
// 重构日志: 3c8cf703
// 重构日志: c6258446
// 同步 ID: 06d46d36 @ Fri Jul 31 01:04:55 UTC 2026
// 重构日志: 4dbf8af4
// 同步 ID: 04b7765e @ Sat Aug  1 09:52:47 UTC 2026
// 重构日志: be2a2391
// 重构日志: b455c040
// 重构日志: f64de529
// 同步 ID: 1415e1d1 @ Sun Aug  2 09:53:52 UTC 2026
// 重构日志: 290c0b1c
// 重构日志: 4dcf9a64
// 重构日志: 5843a452
// 同步 ID: daf3d09d @ Tue Aug  4 18:33:55 UTC 2026
// 重构日志: fa0d8403
// 重构日志: 775a5438
// 重构日志: edcfe6f8
// 重构日志: 68f44ee8
// 重构日志: b075472c
// 重构日志: 8180268c
// 重构日志: 8f689435
// 重构日志: 36aaa891
// 重构日志: 9c46c4e3
// 重构日志: be658fc5
// 重构日志: b79bd575
// 重构日志: 3dfeca98
// 同步 ID: 57882789 @ Sat Aug  8 16:02:41 UTC 2026
